// Jest Snapshot v1, https://goo.gl/fbAQLP

exports[`SwipeSelect.vue Renders the default snapshot 1`] = `
<div
  class="swipe-select"
>
  <label
    aria-hidden="true"
    class="swipe-select__select"
  >
    <select
      autocomplete="off"
      name="amountPerMonth"
    >
      
      <option
        value="36"
      >
        36
      </option>
      <option
        value="40"
      >
        40
      </option>
      <option
        value="45"
      >
        45
      </option>
      
    </select>
    <span>
      â‚¬/Month
    </span>
  </label>
  <swiper-stub
    aria-disabled="false"
    aria-orientation="horizontal"
    breakpoints="[object Object]"
    centeredslides=""
    class="swipe-select__swiper"
    freemode=""
    freemodesticky=""
    grabcursor=""
    initialslide="0"
    keyboard=""
    role="listbox"
    slides-per-view="5"
    slidetoclickedslide=""
    space-between="4"
  />
  <!--v-if-->
</div>
`;
